
> vite_react_shadcn_ts@0.0.0 build
> vite build

[36mvite v5.4.19 [32mbuilding for production...[36m[39m
transforming...
Browserslist: browsers data (caniuse-lite) is 10 months old. Please run:
  npx update-browserslist-db@latest
  Why you should do it regularly: https://github.com/browserslist/update-db#readme
[32mÔ£ô[39m 1644 modules transformed.
x Build failed in 8.36s
error during build:
[vite:load-fallback] Could not load C:\Users\kevin.sartor\Documents\vigilante-hub-38-main\vigilante-hub-38-main\src/lib/mock-data (imported by src/pages/Agents.tsx): ENOENT: no such file or directory, open 'C:\Users\kevin.sartor\Documents\vigilante-hub-38-main\vigilante-hub-38-main\src\lib\mock-data'
    at async open (node:internal/fs/promises:642:25)
    at async Object.readFile (node:internal/fs/promises:1279:14)
    at async Object.load (file:///C:/Users/kevin.sartor/Documents/vigilante-hub-38-main/vigilante-hub-38-main/node_modules/vite/dist/node/chunks/dep-C6uTJdX2.js:65341:25)
    at async PluginDriver.hookFirstAndGetPlugin (file:///C:/Users/kevin.sartor/Documents/vigilante-hub-38-main/vigilante-hub-38-main/node_modules/rollup/dist/es/shared/node-entry.js:20630:28)
    at async file:///C:/Users/kevin.sartor/Documents/vigilante-hub-38-main/vigilante-hub-38-main/node_modules/rollup/dist/es/shared/node-entry.js:19750:33
    at async Queue.work (file:///C:/Users/kevin.sartor/Documents/vigilante-hub-38-main/vigilante-hub-38-main/node_modules/rollup/dist/es/shared/node-entry.js:20840:32)
